c:\users\docente\downloads\proyectozoo\proyectozoo\proyectozoo\x64\debug\vc143.pdb
c:\users\docente\downloads\proyectozoo\proyectozoo\proyectozoo\x64\debug\.netframework,version=v4.7.2.assemblyattributes.obj
c:\users\docente\downloads\proyectozoo\proyectozoo\proyectozoo\x64\debug\verempleado.obj
c:\users\docente\downloads\proyectozoo\proyectozoo\proyectozoo\x64\debug\menudueño.obj
c:\users\docente\downloads\proyectozoo\proyectozoo\proyectozoo\x64\debug\main.obj
c:\users\docente\downloads\proyectozoo\proyectozoo\proyectozoo\x64\debug\login.obj
c:\users\docente\downloads\proyectozoo\proyectozoo\proyectozoo\x64\debug\eliminarusuario.obj
c:\users\docente\downloads\proyectozoo\proyectozoo\proyectozoo\x64\debug\boleto1.obj
c:\users\docente\downloads\proyectozoo\proyectozoo\proyectozoo\x64\debug\boleto.obj
c:\users\docente\downloads\proyectozoo\proyectozoo\proyectozoo\x64\debug\agregarusuarios.obj
c:\users\docente\downloads\proyectozoo\proyectozoo\proyectozoo\x64\debug\administrador.obj
c:\users\docente\downloads\proyectozoo\proyectozoo\proyectozoo\x64\debug\menuadmin.obj
c:\users\docente\downloads\proyectozoo\proyectozoo\proyectozoo\x64\debug\usuario.obj
c:\users\docente\downloads\proyectozoo\proyectozoo\x64\debug\proyectozoo.exe
c:\users\docente\downloads\proyectozoo\proyectozoo\x64\debug\proyectozoo.pdb
c:\users\docente\downloads\proyectozoo\proyectozoo\proyectozoo\x64\debug\proyectozoo.tlog\cl.command.1.tlog
c:\users\docente\downloads\proyectozoo\proyectozoo\proyectozoo\x64\debug\proyectozoo.tlog\cl.items.tlog
c:\users\docente\downloads\proyectozoo\proyectozoo\proyectozoo\x64\debug\proyectozoo.tlog\cl.read.1.tlog
c:\users\docente\downloads\proyectozoo\proyectozoo\proyectozoo\x64\debug\proyectozoo.tlog\cl.write.1.tlog
c:\users\docente\downloads\proyectozoo\proyectozoo\proyectozoo\x64\debug\proyectozoo.tlog\link.command.1.tlog
c:\users\docente\downloads\proyectozoo\proyectozoo\proyectozoo\x64\debug\proyectozoo.tlog\link.read.1.tlog
c:\users\docente\downloads\proyectozoo\proyectozoo\proyectozoo\x64\debug\proyectozoo.tlog\link.secondary.1.tlog
c:\users\docente\downloads\proyectozoo\proyectozoo\proyectozoo\x64\debug\proyectozoo.tlog\link.write.1.tlog
c:\users\docente\downloads\proyectozoo\proyectozoo\proyectozoo\x64\debug\proyectozoo.tlog\metagen.read.1.tlog
c:\users\docente\downloads\proyectozoo\proyectozoo\proyectozoo\x64\debug\proyectozoo.tlog\metagen.write.1.tlog
c:\users\docente\downloads\proyectozoo\proyectozoo\proyectozoo\x64\debug\proyectozoo.tlog\resgen.command.1.tlog
c:\users\docente\downloads\proyectozoo\proyectozoo\proyectozoo\x64\debug\proyectozoo.tlog\resgen.read.1.tlog
c:\users\docente\downloads\proyectozoo\proyectozoo\proyectozoo\x64\debug\proyectozoo.tlog\resgen.write.1.tlog
